../Core/Src/main.c:112:6:UartSendString	24	static
../Core/Src/main.c:117:6:UartSendStringRam	24	static
../Core/Src/main.c:123:6:ESP_AP	96	static
../Core/Src/main.c:218:5:main	16	static
../Core/Src/main.c:314:6:SystemClock_Config	88	static
../Core/Src/main.c:368:13:MX_ADC1_Init	24	static
../Core/Src/main.c:420:13:MX_CRC_Init	8	static
../Core/Src/main.c:446:13:MX_SPI1_Init	8	static
../Core/Src/main.c:484:13:MX_USART1_UART_Init	8	static
../Core/Src/main.c:517:13:MX_USART2_UART_Init	8	static
../Core/Src/main.c:548:13:MX_DMA_Init	16	static
../Core/Src/main.c:569:13:MX_GPIO_Init	48	static
../Core/Src/main.c:641:6:leds	16	static
../Core/Src/main.c:658:6:joinAP	80	static
../Core/Src/main.c:690:6:Error_Handler	4	static,ignoring_inline_asm
