../Core/Src/uartRingBufDMA.c:39:6:Ringbuf_Init	8	static
../Core/Src/uartRingBufDMA.c:54:6:Ringbuf_Reset	8	static
../Core/Src/uartRingBufDMA.c:69:9:checkString	32	static
../Core/Src/uartRingBufDMA.c:110:9:isConfirmed	16	static
../Core/Src/uartRingBufDMA.c:125:5:waitFor	24	static
../Core/Src/uartRingBufDMA.c:198:5:copyUpto	40	static
../Core/Src/uartRingBufDMA.c:255:5:getAfter	32	static
../Core/Src/uartRingBufDMA.c:274:6:getDataFromBuffer	56	static
../Core/Src/uartRingBufDMA.c:336:6:HAL_UARTEx_RxEventCallback	24	static
